---
source: core/tests/suite/scenarios_code_mode_settled_helpers_tests.rs
expression: "context_snapshot::format_request_history_snapshot(\"Settlement helpers deliver fulfilled and rejected records with input indices and map keys.\",\n&requests, &ContextSnapshotOptions::default().rewrite_known_segments(),)"
---
Scenario: Settlement helpers deliver fulfilled and rejected records with input indices and map keys.

## Window 1
-- request 1 (turn) --
00:additional_tools/developer (3; hash=2c5a5b48dbcfce9b):
        - namespace/functions; hash=fada4a476a3754dd
          - custom/exec
          - function/wait
          - function/request_user_input
          - function/request_user_input_async
        - namespace/clock: Tools for reading and waiting on time.; hash=f402e8c5e9b5e317
          - function/sleep
        - namespace/collaboration: Tools for spawning and managing sub-agents.; hash=b263e3c84ad07c37
          - function/followup_task
          - function/interrupt_agent
          - function/list_agents
          - function/send_message
          - function/spawn_agent
          - function/wait_agent
01:message/developer:
    <MODEL_INSTRUCTIONS>
02:message/developer[2]:
    [01] <PERMISSIONS_INSTRUCTIONS>
    [02] <COLLABORATION_MODE>
03:message/developer:
    <MULTI_AGENT_ROLE>
04:message/developer:
    <MULTI_AGENT_MODE>
05:message/user:
    <ENVIRONMENT_CONTEXT>
06:message/user:
    Collect each completed result, including failures, using the settlement helpers.
-- request 2 (turn) --
07:custom_tool_call/exec:for await (const result of as_settled([Promise.resolve("ready")])) text(result);
    await stream_settled(new Map([["failed", Promise.reject("unavailable")], ["completed", "done"]]), text);
08:custom_tool_call_output:Script completed
    Wall time <DURATION> seconds
    Output:
     | {"index":0,"status":"fulfilled","value":"ready"} | {"index":"failed","status":"rejected","reason":"unavailable"} | {"index":"completed","status":"fulfilled","value":"done"}
