---
source: tui/src/markdown_render/preferences_tests.rs
assertion_line: 34
expression: "snapshot.join(\"\\n\\n---\\n\\n\")"
---
TuiRendering { mermaid: false, math: true, tables: true }
flowchart LR
A[Request] --> B[Reply]

---

TuiRendering { mermaid: true, math: false, tables: true }
Inline $\alpha_1$ and \(x^{2}\).

\[
\frac{a}{b}
\]

---

TuiRendering { mermaid: true, math: true, tables: false }
| **Name** | Value |
|---|---|
| `a` | path\_1 &amp; \* |
