---
source: tui/src/chatwidget/usage_notice_tests.rs
expression: "lines.join(\"\\n\")"
---
94 columns: ⚠ 5h limit: 8% left · resets at 13:00 · /status
93 columns: ⚠ 5h limit: 8% left · /status
58 columns: ⚠ 5h limit: 8% left · /status
57 columns: ⚠ 5h limit: 8% left
38 columns: ⚠ 5h limit: 8% left
37 columns: ⚠ 5h 8% left
12 columns: ⚠ 5h 8% left
11 columns:
0 columns:
